Archive member included to satisfy reference by file (symbol)

D:/STM32CubeIDE_1.13.2/STM32CubeIDE/plugins/com.st.stm32cube.ide.mcu.externaltools.gnu-tools-for-stm32.11.3.rel1.win32_1.1.1.202309131626/tools/bin/../lib/gcc/arm-none-eabi/11.3.1/../../../../arm-none-eabi/lib/thumb/v6-m/nofp\libc_nano.a(libc_a-exit.o)
                              D:/STM32CubeIDE_1.13.2/STM32CubeIDE/plugins/com.st.stm32cube.ide.mcu.externaltools.gnu-tools-for-stm32.11.3.rel1.win32_1.1.1.202309131626/tools/bin/../lib/gcc/arm-none-eabi/11.3.1/../../../../arm-none-eabi/lib/thumb/v6-m/nofp/crt0.o (exit)
D:/STM32CubeIDE_1.13.2/STM32CubeIDE/plugins/com.st.stm32cube.ide.mcu.externaltools.gnu-tools-for-stm32.11.3.rel1.win32_1.1.1.202309131626/tools/bin/../lib/gcc/arm-none-eabi/11.3.1/../../../../arm-none-eabi/lib/thumb/v6-m/nofp\libc_nano.a(libc_a-findfp.o)
                              D:/STM32CubeIDE_1.13.2/STM32CubeIDE/plugins/com.st.stm32cube.ide.mcu.externaltools.gnu-tools-for-stm32.11.3.rel1.win32_1.1.1.202309131626/tools/bin/../lib/gcc/arm-none-eabi/11.3.1/../../../../arm-none-eabi/lib/thumb/v6-m/nofp\libc_nano.a(libc_a-exit.o) (__stdio_exit_handler)
D:/STM32CubeIDE_1.13.2/STM32CubeIDE/plugins/com.st.stm32cube.ide.mcu.externaltools.gnu-tools-for-stm32.11.3.rel1.win32_1.1.1.202309131626/tools/bin/../lib/gcc/arm-none-eabi/11.3.1/../../../../arm-none-eabi/lib/thumb/v6-m/nofp\libc_nano.a(libc_a-fwalk.o)
                              D:/STM32CubeIDE_1.13.2/STM32CubeIDE/plugins/com.st.stm32cube.ide.mcu.externaltools.gnu-tools-for-stm32.11.3.rel1.win32_1.1.1.202309131626/tools/bin/../lib/gcc/arm-none-eabi/11.3.1/../../../../arm-none-eabi/lib/thumb/v6-m/nofp\libc_nano.a(libc_a-findfp.o) (_fwalk_sglue)
D:/STM32CubeIDE_1.13.2/STM32CubeIDE/plugins/com.st.stm32cube.ide.mcu.externaltools.gnu-tools-for-stm32.11.3.rel1.win32_1.1.1.202309131626/tools/bin/../lib/gcc/arm-none-eabi/11.3.1/../../../../arm-none-eabi/lib/thumb/v6-m/nofp\libc_nano.a(libc_a-stdio.o)
                              D:/STM32CubeIDE_1.13.2/STM32CubeIDE/plugins/com.st.stm32cube.ide.mcu.externaltools.gnu-tools-for-stm32.11.3.rel1.win32_1.1.1.202309131626/tools/bin/../lib/gcc/arm-none-eabi/11.3.1/../../../../arm-none-eabi/lib/thumb/v6-m/nofp\libc_nano.a(libc_a-findfp.o) (__sread)
D:/STM32CubeIDE_1.13.2/STM32CubeIDE/plugins/com.st.stm32cube.ide.mcu.externaltools.gnu-tools-for-stm32.11.3.rel1.win32_1.1.1.202309131626/tools/bin/../lib/gcc/arm-none-eabi/11.3.1/../../../../arm-none-eabi/lib/thumb/v6-m/nofp\libc_nano.a(libc_a-memset.o)
                              D:/STM32CubeIDE_1.13.2/STM32CubeIDE/plugins/com.st.stm32cube.ide.mcu.externaltools.gnu-tools-for-stm32.11.3.rel1.win32_1.1.1.202309131626/tools/bin/../lib/gcc/arm-none-eabi/11.3.1/../../../../arm-none-eabi/lib/thumb/v6-m/nofp/crt0.o (memset)
D:/STM32CubeIDE_1.13.2/STM32CubeIDE/plugins/com.st.stm32cube.ide.mcu.externaltools.gnu-tools-for-stm32.11.3.rel1.win32_1.1.1.202309131626/tools/bin/../lib/gcc/arm-none-eabi/11.3.1/../../../../arm-none-eabi/lib/thumb/v6-m/nofp\libc_nano.a(libc_a-closer.o)
                              D:/STM32CubeIDE_1.13.2/STM32CubeIDE/plugins/com.st.stm32cube.ide.mcu.externaltools.gnu-tools-for-stm32.11.3.rel1.win32_1.1.1.202309131626/tools/bin/../lib/gcc/arm-none-eabi/11.3.1/../../../../arm-none-eabi/lib/thumb/v6-m/nofp\libc_nano.a(libc_a-stdio.o) (_close_r)
D:/STM32CubeIDE_1.13.2/STM32CubeIDE/plugins/com.st.stm32cube.ide.mcu.externaltools.gnu-tools-for-stm32.11.3.rel1.win32_1.1.1.202309131626/tools/bin/../lib/gcc/arm-none-eabi/11.3.1/../../../../arm-none-eabi/lib/thumb/v6-m/nofp\libc_nano.a(libc_a-reent.o)
                              D:/STM32CubeIDE_1.13.2/STM32CubeIDE/plugins/com.st.stm32cube.ide.mcu.externaltools.gnu-tools-for-stm32.11.3.rel1.win32_1.1.1.202309131626/tools/bin/../lib/gcc/arm-none-eabi/11.3.1/../../../../arm-none-eabi/lib/thumb/v6-m/nofp\libc_nano.a(libc_a-closer.o) (errno)
D:/STM32CubeIDE_1.13.2/STM32CubeIDE/plugins/com.st.stm32cube.ide.mcu.externaltools.gnu-tools-for-stm32.11.3.rel1.win32_1.1.1.202309131626/tools/bin/../lib/gcc/arm-none-eabi/11.3.1/../../../../arm-none-eabi/lib/thumb/v6-m/nofp\libc_nano.a(libc_a-impure.o)
                              D:/STM32CubeIDE_1.13.2/STM32CubeIDE/plugins/com.st.stm32cube.ide.mcu.externaltools.gnu-tools-for-stm32.11.3.rel1.win32_1.1.1.202309131626/tools/bin/../lib/gcc/arm-none-eabi/11.3.1/../../../../arm-none-eabi/lib/thumb/v6-m/nofp\libc_nano.a(libc_a-reent.o) (_impure_ptr)
D:/STM32CubeIDE_1.13.2/STM32CubeIDE/plugins/com.st.stm32cube.ide.mcu.externaltools.gnu-tools-for-stm32.11.3.rel1.win32_1.1.1.202309131626/tools/bin/../lib/gcc/arm-none-eabi/11.3.1/../../../../arm-none-eabi/lib/thumb/v6-m/nofp\libc_nano.a(libc_a-lseekr.o)
                              D:/STM32CubeIDE_1.13.2/STM32CubeIDE/plugins/com.st.stm32cube.ide.mcu.externaltools.gnu-tools-for-stm32.11.3.rel1.win32_1.1.1.202309131626/tools/bin/../lib/gcc/arm-none-eabi/11.3.1/../../../../arm-none-eabi/lib/thumb/v6-m/nofp\libc_nano.a(libc_a-stdio.o) (_lseek_r)
[...]
Memory Configuration

Name             Origin             Length             Attributes
RAM              0x0000000020000000 0x0000000000002000 xrw
FLASH            0x0000000008000000 0x0000000000008000 xr
*default*        0x0000000000000000 0xffffffffffffffff

Linker script and memory map

LOAD D:/STM32CubeIDE_1.13.2/STM32CubeIDE/plugins/com.st.stm32cube.ide.mcu.externaltools.gnu-tools-for-stm32.11.3.rel1.win32_1.1.1.202309131626/tools/bin/../lib/gcc/arm-none-eabi/11.3.1/thumb/v6-m/nofp/crti.o
LOAD D:/STM32CubeIDE_1.13.2/STM32CubeIDE/plugins/com.st.stm32cube.ide.mcu.externaltools.gnu-tools-for-stm32.11.3.rel1.win32_1.1.1.202309131626/tools/bin/../lib/gcc/arm-none-eabi/11.3.1/thumb/v6-m/nofp/crtbegin.o
LOAD D:/STM32CubeIDE_1.13.2/STM32CubeIDE/plugins/com.st.stm32cube.ide.mcu.externaltools.gnu-tools-for-stm32.11.3.rel1.win32_1.1.1.202309131626/tools/bin/../lib/gcc/arm-none-eabi/11.3.1/../../../../arm-none-eabi/lib/thumb/v6-m/nofp/crt0.o
LOAD ./Core/Src/gpio.o
LOAD ./Core/Src/main.o
LOAD ./Core/Src/spi.o
LOAD ./Core/Src/stm32g0xx_hal_msp.o
LOAD ./Core/Src/stm32g0xx_it.o
LOAD ./Core/Src/syscalls.o
LOAD ./Core/Src/sysmem.o
LOAD ./Core/Src/system_stm32g0xx.o
LOAD ./Core/Src/usart.o
LOAD ./Core/Startup/startup_stm32g030f6px.o
LOAD ./Drivers/STM32G0xx_HAL_Driver/Src/stm32g0xx_hal.o
LOAD ./Drivers/STM32G0xx_HAL_Driver/Src/stm32g0xx_hal_cortex.o
LOAD ./Drivers/STM32G0xx_HAL_Driver/Src/stm32g0xx_hal_dma.o
LOAD ./Drivers/STM32G0xx_HAL_Driver/Src/stm32g0xx_hal_dma_ex.o
LOAD ./Drivers/STM32G0xx_HAL_Driver/Src/stm32g0xx_hal_exti.o
LOAD ./Drivers/STM32G0xx_HAL_Driver/Src/stm32g0xx_hal_flash.o
LOAD ./Drivers/STM32G0xx_HAL_Driver/Src/stm32g0xx_hal_flash_ex.o
LOAD ./Drivers/STM32G0xx_HAL_Driver/Src/stm32g0xx_hal_gpio.o
LOAD ./Drivers/STM32G0xx_HAL_Driver/Src/stm32g0xx_hal_pwr.o
LOAD ./Drivers/STM32G0xx_HAL_Driver/Src/stm32g0xx_hal_pwr_ex.o
LOAD ./Drivers/STM32G0xx_HAL_Driver/Src/stm32g0xx_hal_rcc.o
LOAD ./Drivers/STM32G0xx_HAL_Driver/Src/stm32g0xx_hal_rcc_ex.o
LOAD ./Drivers/STM32G0xx_HAL_Driver/Src/stm32g0xx_hal_spi.o
LOAD ./Drivers/STM32G0xx_HAL_Driver/Src/stm32g0xx_hal_spi_ex.o
LOAD ./Drivers/STM32G0xx_HAL_Driver/Src/stm32g0xx_hal_tim.o
LOAD ./Drivers/STM32G0xx_HAL_Driver/Src/stm32g0xx_hal_tim_ex.o
LOAD ./Drivers/STM32G0xx_HAL_Driver/Src/stm32g0xx_hal_uart.o
LOAD ./Drivers/STM32G0xx_HAL_Driver/Src/stm32g0xx_hal_uart_ex.o
LOAD ./Drivers/STM32G0xx_HAL_Driver/Src/stm32g0xx_ll_dma.o
LOAD ./Drivers/STM32G0xx_HAL_Driver/Src/stm32g0xx_ll_rcc.o
LOAD ./IPS/lcd.o
LOAD ./IPS/lcd_init.o
START GROUP
LOAD D:/STM32CubeIDE_1.13.2/STM32CubeIDE/plugins/com.st.stm32cube.ide.mcu.externaltools.gnu-tools-for-stm32.11.3.rel1.win32_1.1.1.202309131626/tools/bin/../lib/gcc/arm-none-eabi/11.3.1/../../../../arm-none-eabi/lib/thumb/v6-m/nofp\libc_nano.a
LOAD D:/STM32CubeIDE_1.13.2/STM32CubeIDE/plugins/com.st.stm32cube.ide.mcu.externaltools.gnu-tools-for-stm32.11.3.rel1.win32_1.1.1.202309131626/tools/bin/../lib/gcc/arm-none-eabi/11.3.1/../../../../arm-none-eabi/lib/thumb/v6-m/nofp\libm.a
END GROUP
START GROUP
LOAD D:/STM32CubeIDE_1.13.2/STM32CubeIDE/plugins/com.st.stm32cube.ide.mcu.externaltools.gnu-tools-for-stm32.11.3.rel1.win32_1.1.1.202309131626/tools/bin/../lib/gcc/arm-none-eabi/11.3.1/thumb/v6-m/nofp\libgcc.a
LOAD D:/STM32CubeIDE_1.13.2/STM32CubeIDE/plugins/com.st.stm32cube.ide.mcu.externaltools.gnu-tools-for-stm32.11.3.rel1.win32_1.1.1.202309131626/tools/bin/../lib/gcc/arm-none-eabi/11.3.1/../../../../arm-none-eabi/lib/thumb/v6-m/nofp\libc_nano.a
END GROUP
START GROUP
LOAD D:/STM32CubeIDE_1.13.2/STM32CubeIDE/plugins/com.st.stm32cube.ide.mcu.externaltools.gnu-tools-for-stm32.11.3.rel1.win32_1.1.1.202309131626/tools/bin/../lib/gcc/arm-none-eabi/11.3.1/thumb/v6-m/nofp\libgcc.a
LOAD D:/STM32CubeIDE_1.13.2/STM32CubeIDE/plugins/com.st.stm32cube.ide.mcu.externaltools.gnu-tools-for-stm32.11.3.rel1.win32_1.1.1.202309131626/tools/bin/../lib/gcc/arm-none-eabi/11.3.1/../../../../arm-none-eabi/lib/thumb/v6-m/nofp\libc_nano.a
LOAD D:/STM32CubeIDE_1.13.2/STM32CubeIDE/plugins/com.st.stm32cube.ide.mcu.externaltools.gnu-tools-for-stm32.11.3.rel1.win32_1.1.1.202309131626/tools/bin/../lib/gcc/arm-none-eabi/11.3.1/../../../../arm-none-eabi/lib/thumb/v6-m/nofp\libnosys.a
END GROUP
START GROUP
LOAD D:/STM32CubeIDE_1.13.2/STM32CubeIDE/plugins/com.st.stm32cube.ide.mcu.externaltools.gnu-tools-for-stm32.11.3.rel1.win32_1.1.1.202309131626/tools/bin/../lib/gcc/arm-none-eabi/11.3.1/thumb/v6-m/nofp\libgcc.a
LOAD D:/STM32CubeIDE_1.13.2/STM32CubeIDE/plugins/com.st.stm32cube.ide.mcu.externaltools.gnu-tools-for-stm32.11.3.rel1.win32_1.1.1.202309131626/tools/bin/../lib/gcc/arm-none-eabi/11.3.1/../../../../arm-none-eabi/lib/thumb/v6-m/nofp\libc_nano.a
LOAD D:/STM32CubeIDE_1.13.2/STM32CubeIDE/plugins/com.st.stm32cube.ide.mcu.externaltools.gnu-tools-for-stm32.11.3.rel1.win32_1.1.1.202309131626/tools/bin/../lib/gcc/arm-none-eabi/11.3.1/../../../../arm-none-eabi/lib/thumb/v6-m/nofp\libnosys.a
END GROUP
LOAD D:/STM32CubeIDE_1.13.2/STM32CubeIDE/plugins/com.st.stm32cube.ide.mcu.externaltools.gnu-tools-for-stm32.11.3.rel1.win32_1.1.1.202309131626/tools/bin/../lib/gcc/arm-none-eabi/11.3.1/thumb/v6-m/nofp/crtend.o
LOAD D:/STM32CubeIDE_1.13.2/STM32CubeIDE/plugins/com.st.stm32cube.ide.mcu.externaltools.gnu-tools-for-stm32.11.3.rel1.win32_1.1.1.202309131626/tools/bin/../lib/gcc/arm-none-eabi/11.3.1/thumb/v6-m/nofp/crtn.o
                0x0000000020002000                _estack = (ORIGIN (RAM) + LENGTH (RAM))
                0x0000000000000200                _Min_Heap_Size = 0x200
                0x0000000000000400                _Min_Stack_Size = 0x400

.isr_vector     0x0000000008000000       0xb8
                0x0000000008000000                . = ALIGN (0x4)
 *(.isr_vector)
 .isr_vector    0x0000000008000000       0xb8 ./Core/Startup/startup_stm32g030f6px.o
                0x0000000008000000                g_pfnVectors
                0x00000000080000b8                . = ALIGN (0x4)

.text           0x00000000080000b8     0x3dcc
                0x00000000080000b8                . = ALIGN (0x4)
 *(.text)
 .text          0x00000000080000b8       0x48 D:/STM32CubeIDE_1.13.2/STM32CubeIDE/plugins/com.st.stm32cube.ide.mcu.externaltools.gnu-tools-for-stm32.11.3.rel1.win32_1.1.1.202309131626/tools/bin/../lib/gcc/arm-none-eabi/11.3.1/thumb/v6-m/nofp/crtbegin.o
 .text          0x0000000008000100      0x114 D:/STM32CubeIDE_1.13.2/STM32CubeIDE/plugins/com.st.stm32cube.ide.mcu.externaltools.gnu-tools-for-stm32.11.3.rel1.win32_1.1.1.202309131626/tools/bin/../lib/gcc/arm-none-eabi/11.3.1/thumb/v6-m/nofp\libgcc.a(_udivsi3.o)
                0x0000000008000100                __aeabi_uidiv
                0x0000000008000100                __udivsi3
                0x000000000800020c                __aeabi_uidivmod
 .text          0x0000000008000214      0x1d4 D:/STM32CubeIDE_1.13.2/STM32CubeIDE/plugins/com.st.stm32cube.ide.mcu.externaltools.gnu-tools-for-stm32.11.3.rel1.win32_1.1.1.202309131626/tools/bin/../lib/gcc/arm-none-eabi/11.3.1/thumb/v6-m/nofp\libgcc.a(_divsi3.o)
                0x0000000008000214                __divsi3
                0x0000000008000214                __aeabi_idiv
                0x00000000080003e0                __aeabi_idivmod
 .text          0x00000000080003e8        0x4 D:/STM32CubeIDE_1.13.2/STM32CubeIDE/plugins/com.st.stm32cube.ide.mcu.externaltools.gnu-tools-for-stm32.11.3.rel1.win32_1.1.1.202309131626/tools/bin/../lib/gcc/arm-none-eabi/11.3.1/thumb/v6-m/nofp\libgcc.a(_dvmd_tls.o)
                0x00000000080003e8                __aeabi_idiv0
                0x00000000080003e8                __aeabi_ldiv0
 *(.text*)
 .text.MX_GPIO_Init
                0x00000000080003ec      0x10c ./Core/Src/gpio.o
                0x00000000080003ec                MX_GPIO_Init
 .text.main     0x00000000080004f8      0x520 ./Core/Src/main.o
                0x00000000080004f8                main
 .text.SystemClock_Config
                0x0000000008000a18       0xb4 ./Core/Src/main.o
                0x0000000008000a18                SystemClock_Config
 .text.HAL_GPIO_EXTI_Falling_Callback
                0x0000000008000acc      0x148 ./Core/Src/main.o
                0x0000000008000acc                HAL_GPIO_EXTI_Falling_Callback
 .text.Error_Handler
                0x0000000008000c14        0xa ./Core/Src/main.o
                0x0000000008000c14                Error_Handler
 *fill*         0x0000000008000c1e        0x2 
 .text.MX_SPI1_Init
                0x0000000008000c20       0x7c ./Core/Src/spi.o
                0x0000000008000c20                MX_SPI1_Init
 .text.HAL_SPI_MspInit
                0x0000000008000c9c       0x94 ./Core/Src/spi.o
                0x0000000008000c9c                HAL_SPI_MspInit
 .text.HAL_MspInit
                0x0000000008000d30       0x48 ./Core/Src/stm32g0xx_hal_msp.o
                0x0000000008000d30                HAL_MspInit
 .text.NMI_Handler
                0x0000000008000d78        0x6 ./Core/Src/stm32g0xx_it.o
                0x0000000008000d78                NMI_Handler
 .text.HardFault_Handler
                0x0000000008000d7e        0x6 ./Core/Src/stm32g0xx_it.o
                0x0000000008000d7e                HardFault_Handler
 .text.SVC_Handler
                0x0000000008000d84        0xa ./Core/Src/stm32g0xx_it.o
                0x0000000008000d84                SVC_Handler
 .text.PendSV_Handler
                0x0000000008000d8e        0xa ./Core/Src/stm32g0xx_it.o
                0x0000000008000d8e                PendSV_Handler
 .text.SysTick_Handler
                0x0000000008000d98        0xe ./Core/Src/stm32g0xx_it.o
                0x0000000008000d98                SysTick_Handler
 .text.EXTI4_15_IRQHandler
                0x0000000008000da6       0x1c ./Core/Src/stm32g0xx_it.o
                0x0000000008000da6                EXTI4_15_IRQHandler
 .text.SystemInit
                0x0000000008000dc2        0xa ./Core/Src/system_stm32g0xx.o
                0x0000000008000dc2                SystemInit
 .text.MX_USART1_UART_Init
                0x0000000008000dcc       0x9c ./Core/Src/usart.o
                0x0000000008000dcc                MX_USART1_UART_Init
 .text.HAL_UART_MspInit
                0x0000000008000e68       0xc4 ./Core/Src/usart.o
                0x0000000008000e68                HAL_UART_MspInit
 .text.Reset_Handler
                0x0000000008000f2c       0x50 ./Core/Startup/startup_stm32g030f6px.o
                0x0000000008000f2c                Reset_Handler
 .text.Default_Handler
                0x0000000008000f7c        0x2 ./Core/Startup/startup_stm32g030f6px.o
                0x0000000008000f7c                TIM1_CC_IRQHandler
                0x0000000008000f7c                I2C1_IRQHandler
                0x0000000008000f7c                RTC_TAMP_IRQHandler
                0x0000000008000f7c                SPI1_IRQHandler
                0x0000000008000f7c                DMA1_Ch4_5_DMAMUX1_OVR_IRQHandler
                0x0000000008000f7c                EXTI2_3_IRQHandler
                0x0000000008000f7c                ADC1_IRQHandler
                0x0000000008000f7c                I2C2_IRQHandler
                0x0000000008000f7c                TIM17_IRQHandler
                0x0000000008000f7c                TIM16_IRQHandler
                0x0000000008000f7c                TIM3_IRQHandler
                0x0000000008000f7c                RCC_IRQHandler
                0x0000000008000f7c                DMA1_Channel1_IRQHandler
                0x0000000008000f7c                Default_Handler
                0x0000000008000f7c                TIM14_IRQHandler
                0x0000000008000f7c                EXTI0_1_IRQHandler
                0x0000000008000f7c                SPI2_IRQHandler
                0x0000000008000f7c                WWDG_IRQHandler
                0x0000000008000f7c                DMA1_Channel2_3_IRQHandler
                0x0000000008000f7c                USART2_IRQHandler
                0x0000000008000f7c                FLASH_IRQHandler
                0x0000000008000f7c                USART1_IRQHandler
                0x0000000008000f7c                TIM1_BRK_UP_TRG_COM_IRQHandler
 *fill*         0x0000000008000f7e        0x2 
 .text.HAL_Init
                0x0000000008000f80       0x40 ./Drivers/STM32G0xx_HAL_Driver/Src/stm32g0xx_hal.o
                0x0000000008000f80                HAL_Init
 .text.HAL_InitTick
                0x0000000008000fc0       0x94 ./Drivers/STM32G0xx_HAL_Driver/Src/stm32g0xx_hal.o
                0x0000000008000fc0                HAL_InitTick
 .text.HAL_IncTick
                0x0000000008001054       0x24 ./Drivers/STM32G0xx_HAL_Driver/Src/stm32g0xx_hal.o
                0x0000000008001054                HAL_IncTick
 .text.HAL_GetTick
                0x0000000008001078       0x14 ./Drivers/STM32G0xx_HAL_Driver/Src/stm32g0xx_hal.o
                0x0000000008001078                HAL_GetTick
 .text.HAL_Delay
                0x000000000800108c       0x48 ./Drivers/STM32G0xx_HAL_Driver/Src/stm32g0xx_hal.o
                0x000000000800108c                HAL_Delay
 .text.__NVIC_EnableIRQ
                0x00000000080010d4       0x34 ./Drivers/STM32G0xx_HAL_Driver/Src/stm32g0xx_hal_cortex.o
 .text.__NVIC_SetPriority
                0x0000000008001108       0xdc ./Drivers/STM32G0xx_HAL_Driver/Src/stm32g0xx_hal_cortex.o
 .text.SysTick_Config
                0x00000000080011e4       0x48 ./Drivers/STM32G0xx_HAL_Driver/Src/stm32g0xx_hal_cortex.o
 .text.HAL_NVIC_SetPriority
                0x000000000800122c       0x2a ./Drivers/STM32G0xx_HAL_Driver/Src/stm32g0xx_hal_cortex.o
                0x000000000800122c                HAL_NVIC_SetPriority
 .text.HAL_NVIC_EnableIRQ
                0x0000000008001256       0x20 ./Drivers/STM32G0xx_HAL_Driver/Src/stm32g0xx_hal_cortex.o
                0x0000000008001256                HAL_NVIC_EnableIRQ
 .text.HAL_SYSTICK_Config
                0x0000000008001276       0x1a ./Drivers/STM32G0xx_HAL_Driver/Src/stm32g0xx_hal_cortex.o
                0x0000000008001276                HAL_SYSTICK_Config
 .text.HAL_GPIO_Init
                0x0000000008001290      0x2c8 ./Drivers/STM32G0xx_HAL_Driver/Src/stm32g0xx_hal_gpio.o
                0x0000000008001290                HAL_GPIO_Init
 .text.HAL_GPIO_ReadPin
                0x0000000008001558       0x3a ./Drivers/STM32G0xx_HAL_Driver/Src/stm32g0xx_hal_gpio.o
                0x0000000008001558                HAL_GPIO_ReadPin
 .text.HAL_GPIO_WritePin
                0x0000000008001592       0x3a ./Drivers/STM32G0xx_HAL_Driver/Src/stm32g0xx_hal_gpio.o
                0x0000000008001592                HAL_GPIO_WritePin
 .text.HAL_GPIO_EXTI_IRQHandler
                0x00000000080015cc       0x54 ./Drivers/STM32G0xx_HAL_Driver/Src/stm32g0xx_hal_gpio.o
                0x00000000080015cc                HAL_GPIO_EXTI_IRQHandler
 .text.HAL_GPIO_EXTI_Rising_Callback
                0x0000000008001620       0x14 ./Drivers/STM32G0xx_HAL_Driver/Src/stm32g0xx_hal_gpio.o
                0x0000000008001620                HAL_GPIO_EXTI_Rising_Callback
 .text.HAL_PWREx_ControlVoltageScaling
                0x0000000008001634       0x80 ./Drivers/STM32G0xx_HAL_Driver/Src/stm32g0xx_hal_pwr_ex.o
                0x0000000008001634                HAL_PWREx_ControlVoltageScaling
 .text.LL_RCC_GetAPB1Prescaler
                0x00000000080016b4       0x18 ./Drivers/STM32G0xx_HAL_Driver/Src/stm32g0xx_hal_rcc.o
 .text.HAL_RCC_OscConfig
                0x00000000080016cc      0x620 ./Drivers/STM32G0xx_HAL_Driver/Src/stm32g0xx_hal_rcc.o
                0x00000000080016cc                HAL_RCC_OscConfig
 .text.HAL_RCC_ClockConfig
                0x0000000008001cec      0x210 ./Drivers/STM32G0xx_HAL_Driver/Src/stm32g0xx_hal_rcc.o
                0x0000000008001cec                HAL_RCC_ClockConfig
 .text.HAL_RCC_GetSysClockFreq
                0x0000000008001efc      0x104 ./Drivers/STM32G0xx_HAL_Driver/Src/stm32g0xx_hal_rcc.o
                0x0000000008001efc                HAL_RCC_GetSysClockFreq
 .text.HAL_RCC_GetHCLKFreq
                0x0000000008002000       0x14 ./Drivers/STM32G0xx_HAL_Driver/Src/stm32g0xx_hal_rcc.o
                0x0000000008002000                HAL_RCC_GetHCLKFreq
 .text.HAL_RCC_GetPCLK1Freq
                0x0000000008002014       0x2c ./Drivers/STM32G0xx_HAL_Driver/Src/stm32g0xx_hal_rcc.o
                0x0000000008002014                HAL_RCC_GetPCLK1Freq
 .text.HAL_RCCEx_PeriphCLKConfig
                0x0000000008002040      0x24c ./Drivers/STM32G0xx_HAL_Driver/Src/stm32g0xx_hal_rcc_ex.o
                0x0000000008002040                HAL_RCCEx_PeriphCLKConfig
 .text.HAL_SPI_Init
                0x000000000800228c      0x170 ./Drivers/STM32G0xx_HAL_Driver/Src/stm32g0xx_hal_spi.o
                0x000000000800228c                HAL_SPI_Init
 .text.HAL_SPI_Transmit
                0x00000000080023fc      0x2be ./Drivers/STM32G0xx_HAL_Driver/Src/stm32g0xx_hal_spi.o
                0x00000000080023fc                HAL_SPI_Transmit
 *fill*         0x00000000080026ba        0x2 
 .text.SPI_WaitFlagStateUntilTimeout
                0x00000000080026bc      0x11c ./Drivers/STM32G0xx_HAL_Driver/Src/stm32g0xx_hal_spi.o
 .text.SPI_WaitFifoStateUntilTimeout
                0x00000000080027d8      0x144 ./Drivers/STM32G0xx_HAL_Driver/Src/stm32g0xx_hal_spi.o
 .text.SPI_EndRxTxTransaction
                0x000000000800291c       0x8c ./Drivers/STM32G0xx_HAL_Driver/Src/stm32g0xx_hal_spi.o
 .text.HAL_UART_Init
                0x00000000080029a8       0xac ./Drivers/STM32G0xx_HAL_Driver/Src/stm32g0xx_hal_uart.o
                0x00000000080029a8                HAL_UART_Init
 .text.HAL_UART_Transmit
                0x0000000008002a54      0x148 ./Drivers/STM32G0xx_HAL_Driver/Src/stm32g0xx_hal_uart.o
                0x0000000008002a54                HAL_UART_Transmit
 .text.UART_SetConfig
                0x0000000008002b9c      0x2d4 ./Drivers/STM32G0xx_HAL_Driver/Src/stm32g0xx_hal_uart.o
                0x0000000008002b9c                UART_SetConfig
 .text.UART_AdvFeatureConfig
                0x0000000008002e70      0x168 ./Drivers/STM32G0xx_HAL_Driver/Src/stm32g0xx_hal_uart.o
                0x0000000008002e70                UART_AdvFeatureConfig
 .text.UART_CheckIdleState
                0x0000000008002fd8      0x154 ./Drivers/STM32G0xx_HAL_Driver/Src/stm32g0xx_hal_uart.o
                0x0000000008002fd8                UART_CheckIdleState
 .text.UART_WaitOnFlagUntilTimeout
                0x000000000800312c       0xde ./Drivers/STM32G0xx_HAL_Driver/Src/stm32g0xx_hal_uart.o
                0x000000000800312c                UART_WaitOnFlagUntilTimeout
 *fill*         0x000000000800320a        0x2 
 .text.UART_EndRxTransfer
                0x000000000800320c       0xcc ./Drivers/STM32G0xx_HAL_Driver/Src/stm32g0xx_hal_uart.o
 .text.HAL_UARTEx_DisableFifoMode
                0x00000000080032d8       0x74 ./Drivers/STM32G0xx_HAL_Driver/Src/stm32g0xx_hal_uart_ex.o
                0x00000000080032d8                HAL_UARTEx_DisableFifoMode
 .text.HAL_UARTEx_SetTxFifoThreshold
                0x000000000800334c       0x7e ./Drivers/STM32G0xx_HAL_Driver/Src/stm32g0xx_hal_uart_ex.o
                0x000000000800334c                HAL_UARTEx_SetTxFifoThreshold
 *fill*         0x00000000080033ca        0x2 
 .text.HAL_UARTEx_SetRxFifoThreshold
                0x00000000080033cc       0x84 ./Drivers/STM32G0xx_HAL_Driver/Src/stm32g0xx_hal_uart_ex.o
                0x00000000080033cc                HAL_UARTEx_SetRxFifoThreshold
 .text.UARTEx_SetNbDataToProcess
                0x0000000008003450       0xbc ./Drivers/STM32G0xx_HAL_Driver/Src/stm32g0xx_hal_uart_ex.o
 .text.LCD_Fill
                0x000000000800350c       0xa6 ./IPS/lcd.o
                0x000000000800350c                LCD_Fill
 .text.LCD_DrawPoint
                0x00000000080035b2       0x46 ./IPS/lcd.o
                0x00000000080035b2                LCD_DrawPoint
 .text.LCD_ShowChar
                0x00000000080035f8      0x270 ./IPS/lcd.o
                0x00000000080035f8                LCD_ShowChar
 .text.LCD_ShowString
                0x0000000008003868       0x94 ./IPS/lcd.o
                0x0000000008003868                LCD_ShowString
 .text.mypow    0x00000000080038fc       0x3a ./IPS/lcd.o
                0x00000000080038fc                mypow
 .text.LCD_ShowIntNum
                0x0000000008003936      0x15c ./IPS/lcd.o
                0x0000000008003936                LCD_ShowIntNum
 *fill*         0x0000000008003a92        0x2 
 .text.LCD_Writ_Bus
                0x0000000008003a94       0x3c ./IPS/lcd_init.o
                0x0000000008003a94                LCD_Writ_Bus
 .text.LCD_WR_DATA8
                0x0000000008003ad0       0x1e ./IPS/lcd_init.o
                0x0000000008003ad0                LCD_WR_DATA8
 .text.LCD_WR_DATA
                0x0000000008003aee       0x30 ./IPS/lcd_init.o
                0x0000000008003aee                LCD_WR_DATA
 .text.LCD_WR_REG
                0x0000000008003b1e       0x2e ./IPS/lcd_init.o
                0x0000000008003b1e                LCD_WR_REG
 .text.LCD_Address_Set
                0x0000000008003b4c       0x78 ./IPS/lcd_init.o
                0x0000000008003b4c                LCD_Address_Set
 .text.LCD_Init
                0x0000000008003bc4      0x250 ./IPS/lcd_init.o
                0x0000000008003bc4                LCD_Init
 .text.memset   0x0000000008003e14       0x10 D:/STM32CubeIDE_1.13.2/STM32CubeIDE/plugins/com.st.stm32cube.ide.mcu.externaltools.gnu-tools-for-stm32.11.3.rel1.win32_1.1.1.202309131626/tools/bin/../lib/gcc/arm-none-eabi/11.3.1/../../../../arm-none-eabi/lib/thumb/v6-m/nofp\libc_nano.a(libc_a-memset.o)
                0x0000000008003e14                memset
 .text.__libc_init_array
                0x0000000008003e24       0x48 D:/STM32CubeIDE_1.13.2/STM32CubeIDE/plugins/com.st.stm32cube.ide.mcu.externaltools.gnu-tools-for-stm32.11.3.rel1.win32_1.1.1.202309131626/tools/bin/../lib/gcc/arm-none-eabi/11.3.1/../../../../arm-none-eabi/lib/thumb/v6-m/nofp\libc_nano.a(libc_a-init.o)
                0x0000000008003e24                __libc_init_array
 *(.glue_7)
 .glue_7        0x0000000008003e6c        0x0 linker stubs
 *(.glue_7t)
 .glue_7t       0x0000000008003e6c        0x0 linker stubs
 *(.eh_frame)
 .eh_frame      0x0000000008003e6c        0x0 D:/STM32CubeIDE_1.13.2/STM32CubeIDE/plugins/com.st.stm32cube.ide.mcu.externaltools.gnu-tools-for-stm32.11.3.rel1.win32_1.1.1.202309131626/tools/bin/../lib/gcc/arm-none-eabi/11.3.1/thumb/v6-m/nofp/crtbegin.o
 *(.init)
 .init          0x0000000008003e6c        0x4 D:/STM32CubeIDE_1.13.2/STM32CubeIDE/plugins/com.st.stm32cube.ide.mcu.externaltools.gnu-tools-for-stm32.11.3.rel1.win32_1.1.1.202309131626/tools/bin/../lib/gcc/arm-none-eabi/11.3.1/thumb/v6-m/nofp/crti.o
                0x0000000008003e6c                _init
 .init          0x0000000008003e70        0x8 D:/STM32CubeIDE_1.13.2/STM32CubeIDE/plugins/com.st.stm32cube.ide.mcu.externaltools.gnu-tools-for-stm32.11.3.rel1.win32_1.1.1.202309131626/tools/bin/../lib/gcc/arm-none-eabi/11.3.1/thumb/v6-m/nofp/crtn.o
 *(.fini)
 .fini          0x0000000008003e78        0x4 D:/STM32CubeIDE_1.13.2/STM32CubeIDE/plugins/com.st.stm32cube.ide.mcu.externaltools.gnu-tools-for-stm32.11.3.rel1.win32_1.1.1.202309131626/tools/bin/../lib/gcc/arm-none-eabi/11.3.1/thumb/v6-m/nofp/crti.o
                0x0000000008003e78                _fini
 .fini          0x0000000008003e7c        0x8 D:/STM32CubeIDE_1.13.2/STM32CubeIDE/plugins/com.st.stm32cube.ide.mcu.externaltools.gnu-tools-for-stm32.11.3.rel1.win32_1.1.1.202309131626/tools/bin/../lib/gcc/arm-none-eabi/11.3.1/thumb/v6-m/nofp/crtn.o
                0x0000000008003e84                . = ALIGN (0x4)
                0x0000000008003e84                _etext = .

.vfp11_veneer   0x0000000008003e84        0x0
 .vfp11_veneer  0x0000000008003e84        0x0 linker stubs

.v4_bx          0x0000000008003e84        0x0
 .v4_bx         0x0000000008003e84        0x0 linker stubs

.iplt           0x0000000008003e84        0x0
 .iplt          0x0000000008003e84        0x0 D:/STM32CubeIDE_1.13.2/STM32CubeIDE/plugins/com.st.stm32cube.ide.mcu.externaltools.gnu-tools-for-stm32.11.3.rel1.win32_1.1.1.202309131626/tools/bin/../lib/gcc/arm-none-eabi/11.3.1/thumb/v6-m/nofp/crtbegin.o

.rodata         0x0000000008003e84     0x3488
                0x0000000008003e84                . = ALIGN (0x4)
 *(.rodata)
 .rodata        0x0000000008003e84        0xb ./Core/Src/main.o
 *(.rodata*)
 *fill*         0x0000000008003e8f        0x1 
 .rodata.AHBPrescTable
                0x0000000008003e90       0x40 ./Core/Src/system_stm32g0xx.o
                0x0000000008003e90                AHBPrescTable
 .rodata.APBPrescTable
                0x0000000008003ed0       0x20 ./Core/Src/system_stm32g0xx.o
                0x0000000008003ed0                APBPrescTable
 .rodata.UARTPrescTable
                0x0000000008003ef0       0x18 ./Drivers/STM32G0xx_HAL_Driver/Src/stm32g0xx_hal_uart.o
                0x0000000008003ef0                UARTPrescTable
 .rodata.numerator.1
                0x0000000008003f08        0x8 ./Drivers/STM32G0xx_HAL_Driver/Src/stm32g0xx_hal_uart_ex.o
 .rodata.denominator.0
                0x0000000008003f10        0x8 ./Drivers/STM32G0xx_HAL_Driver/Src/stm32g0xx_hal_uart_ex.o
 .rodata.ascii_1206
                0x0000000008003f18      0x474 ./IPS/lcd.o
                0x0000000008003f18                ascii_1206
 .rodata.ascii_1608
                0x000000000800438c      0x5f0 ./IPS/lcd.o
                0x000000000800438c                ascii_1608
 .rodata.ascii_2412
                0x000000000800497c     0x11d0 ./IPS/lcd.o
                0x000000000800497c                ascii_2412
 .rodata.ascii_3216
                0x0000000008005b4c     0x17c0 ./IPS/lcd.o
                0x0000000008005b4c                ascii_3216
                0x000000000800730c                . = ALIGN (0x4)

.rel.dyn        0x000000000800730c        0x0
 .rel.iplt      0x000000000800730c        0x0 D:/STM32CubeIDE_1.13.2/STM32CubeIDE/plugins/com.st.stm32cube.ide.mcu.externaltools.gnu-tools-for-stm32.11.3.rel1.win32_1.1.1.202309131626/tools/bin/../lib/gcc/arm-none-eabi/11.3.1/thumb/v6-m/nofp/crtbegin.o

.ARM.extab      0x000000000800730c        0x0
                0x000000000800730c                . = ALIGN (0x4)
 *(.ARM.extab* .gnu.linkonce.armextab.*)
                0x000000000800730c                . = ALIGN (0x4)

.ARM            0x000000000800730c        0x0
                0x000000000800730c                . = ALIGN (0x4)
                0x000000000800730c                __exidx_start = .
 *(.ARM.exidx*)
                0x000000000800730c                __exidx_end = .
                0x000000000800730c                . = ALIGN (0x4)

.preinit_array  0x000000000800730c        0x0
                0x000000000800730c                . = ALIGN (0x4)
                0x000000000800730c                PROVIDE (__preinit_array_start = .)
 *(.preinit_array*)
                0x000000000800730c                PROVIDE (__preinit_array_end = .)
                0x000000000800730c                . = ALIGN (0x4)

.init_array     0x000000000800730c        0x4
                0x000000000800730c                . = ALIGN (0x4)
                0x000000000800730c                PROVIDE (__init_array_start = .)
 *(SORT_BY_NAME(.init_array.*))
 *(.init_array*)
 .init_array    0x000000000800730c        0x4 D:/STM32CubeIDE_1.13.2/STM32CubeIDE/plugins/com.st.stm32cube.ide.mcu.externaltools.gnu-tools-for-stm32.11.3.rel1.win32_1.1.1.202309131626/tools/bin/../lib/gcc/arm-none-eabi/11.3.1/thumb/v6-m/nofp/crtbegin.o
                0x0000000008007310                PROVIDE (__init_array_end = .)
                0x0000000008007310                . = ALIGN (0x4)

.fini_array     0x0000000008007310        0x4
                0x0000000008007310                . = ALIGN (0x4)
                [!provide]                        PROVIDE (__fini_array_start = .)
 *(SORT_BY_NAME(.fini_array.*))
 *(.fini_array*)
 .fini_array    0x0000000008007310        0x4 D:/STM32CubeIDE_1.13.2/STM32CubeIDE/plugins/com.st.stm32cube.ide.mcu.externaltools.gnu-tools-for-stm32.11.3.rel1.win32_1.1.1.202309131626/tools/bin/../lib/gcc/arm-none-eabi/11.3.1/thumb/v6-m/nofp/crtbegin.o
                [!provide]                        PROVIDE (__fini_array_end = .)
                0x0000000008007314                . = ALIGN (0x4)
                0x0000000008007314                _sidata = LOADADDR (.data)

.data           0x0000000020000000       0x10 load address 0x0000000008007314
                0x0000000020000000                . = ALIGN (0x4)
                0x0000000020000000                _sdata = .
 *(.data)
 *(.data*)
 .data.Rdat     0x0000000020000000        0x2 ./Core/Src/main.o
                0x0000000020000000                Rdat
 .data.Sel_Flag
                0x0000000020000002        0x1 ./Core/Src/main.o
                0x0000000020000002                Sel_Flag
 *fill*         0x0000000020000003        0x1 
 .data.SystemCoreClock
                0x0000000020000004        0x4 ./Core/Src/system_stm32g0xx.o
                0x0000000020000004                SystemCoreClock
 .data.uwTickPrio
                0x0000000020000008        0x4 ./Drivers/STM32G0xx_HAL_Driver/Src/stm32g0xx_hal.o
                0x0000000020000008                uwTickPrio
 .data.uwTickFreq
                0x000000002000000c        0x1 ./Drivers/STM32G0xx_HAL_Driver/Src/stm32g0xx_hal.o
                0x000000002000000c                uwTickFreq
 *(.RamFunc)
 *(.RamFunc*)
                0x0000000020000010                . = ALIGN (0x4)
 *fill*         0x000000002000000d        0x3 
                0x0000000020000010                _edata = .

.igot.plt       0x0000000020000010        0x0 load address 0x0000000008007324
 .igot.plt      0x0000000020000010        0x0 D:/STM32CubeIDE_1.13.2/STM32CubeIDE/plugins/com.st.stm32cube.ide.mcu.externaltools.gnu-tools-for-stm32.11.3.rel1.win32_1.1.1.202309131626/tools/bin/../lib/gcc/arm-none-eabi/11.3.1/thumb/v6-m/nofp/crtbegin.o
                0x0000000020000010                . = ALIGN (0x4)

.bss            0x0000000020000010      0x120 load address 0x0000000008007324
                0x0000000020000010                _sbss = .
                0x0000000020000010                __bss_start__ = _sbss
 *(.bss)
 .bss           0x0000000020000010       0x1c D:/STM32CubeIDE_1.13.2/STM32CubeIDE/plugins/com.st.stm32cube.ide.mcu.externaltools.gnu-tools-for-stm32.11.3.rel1.win32_1.1.1.202309131626/tools/bin/../lib/gcc/arm-none-eabi/11.3.1/thumb/v6-m/nofp/crtbegin.o
 *(.bss*)
 .bss.Gdat      0x000000002000002c        0x2 ./Core/Src/main.o
                0x000000002000002c                Gdat
 .bss.Bdat      0x000000002000002e        0x2 ./Core/Src/main.o
                0x000000002000002e                Bdat
 .bss.State     0x0000000020000030        0x1 ./Core/Src/main.o
                0x0000000020000030                State
 .bss.Sel_Cnt   0x0000000020000031        0x1 ./Core/Src/main.o
                0x0000000020000031                Sel_Cnt
 .bss.Adj_Flag  0x0000000020000032        0x1 ./Core/Src/main.o
                0x0000000020000032                Adj_Flag
 *fill*         0x0000000020000033        0x1 
 .bss.hspi1     0x0000000020000034       0x64 ./Core/Src/spi.o
                0x0000000020000034                hspi1
 .bss.huart1    0x0000000020000098       0x94 ./Core/Src/usart.o
                0x0000000020000098                huart1
 .bss.uwTick    0x000000002000012c        0x4 ./Drivers/STM32G0xx_HAL_Driver/Src/stm32g0xx_hal.o
                0x000000002000012c                uwTick
 *(COMMON)
                0x0000000020000130                . = ALIGN (0x4)
                0x0000000020000130                _ebss = .
                0x0000000020000130                __bss_end__ = _ebss

._user_heap_stack
                0x0000000020000130      0x600 load address 0x0000000008007324
                0x0000000020000130                . = ALIGN (0x8)
                [!provide]                        PROVIDE (end = .)
                0x0000000020000130                PROVIDE (_end = .)
                0x0000000020000330                . = (. + _Min_Heap_Size)
 *fill*         0x0000000020000130      0x200 
                0x0000000020000730                . = (. + _Min_Stack_Size)
 *fill*         0x0000000020000330      0x400 
                0x0000000020000730                . = ALIGN (0x8)

/DISCARD/
 libc.a(*)
 libm.a(*)
 libgcc.a(*)

.ARM.attributes
                0x0000000000000000       0x28
 *(.ARM.attributes)
 .ARM.attributes
                0x0000000000000000       0x1e D:/STM32CubeIDE_1.13.2/STM32CubeIDE/plugins/com.st.stm32cube.ide.mcu.externaltools.gnu-tools-for-stm32.11.3.rel1.win32_1.1.1.202309131626/tools/bin/../lib/gcc/arm-none-eabi/11.3.1/thumb/v6-m/nofp/crti.o
 .ARM.attributes
                0x000000000000001e       0x2c D:/STM32CubeIDE_1.13.2/STM32CubeIDE/plugins/com.st.stm32cube.ide.mcu.externaltools.gnu-tools-for-stm32.11.3.rel1.win32_1.1.1.202309131626/tools/bin/../lib/gcc/arm-none-eabi/11.3.1/thumb/v6-m/nofp/crtbegin.o
 .ARM.attributes
                0x000000000000004a       0x2c ./Core/Src/gpio.o
 .ARM.attributes
                0x0000000000000076       0x2c ./Core/Src/main.o
 .ARM.attributes
                0x00000000000000a2       0x2c ./Core/Src/spi.o
 .ARM.attributes
                0x00000000000000ce       0x2c ./Core/Src/stm32g0xx_hal_msp.o
 .ARM.attributes
                0x00000000000000fa       0x2c ./Core/Src/stm32g0xx_it.o
 .ARM.attributes
                0x0000000000000126       0x2c ./Core/Src/system_stm32g0xx.o
 .ARM.attributes
                0x0000000000000152       0x2c ./Core/Src/usart.o
 .ARM.attributes
                0x000000000000017e       0x22 ./Core/Startup/startup_stm32g030f6px.o
 .ARM.attributes
                0x00000000000001a0       0x2c ./Drivers/STM32G0xx_HAL_Driver/Src/stm32g0xx_hal.o
 .ARM.attributes
                0x00000000000001cc       0x2c ./Drivers/STM32G0xx_HAL_Driver/Src/stm32g0xx_hal_cortex.o
 .ARM.attributes
                0x00000000000001f8       0x2c ./Drivers/STM32G0xx_HAL_Driver/Src/stm32g0xx_hal_gpio.o
 .ARM.attributes
                0x0000000000000224       0x2c ./Drivers/STM32G0xx_HAL_Driver/Src/stm32g0xx_hal_pwr_ex.o
 .ARM.attributes
                0x0000000000000250       0x2c ./Drivers/STM32G0xx_HAL_Driver/Src/stm32g0xx_hal_rcc.o
 .ARM.attributes
                0x000000000000027c       0x2c ./Drivers/STM32G0xx_HAL_Driver/Src/stm32g0xx_hal_rcc_ex.o
 .ARM.attributes
                0x00000000000002a8       0x2c ./Drivers/STM32G0xx_HAL_Driver/Src/stm32g0xx_hal_spi.o
 .ARM.attributes
                0x00000000000002d4       0x2c ./Drivers/STM32G0xx_HAL_Driver/Src/stm32g0xx_hal_uart.o
 .ARM.attributes
                0x0000000000000300       0x2c ./Drivers/STM32G0xx_HAL_Driver/Src/stm32g0xx_hal_uart_ex.o
 .ARM.attributes
                0x000000000000032c       0x2c ./IPS/lcd.o
 .ARM.attributes
                0x0000000000000358       0x2c ./IPS/lcd_init.o
 .ARM.attributes
                0x0000000000000384       0x2c D:/STM32CubeIDE_1.13.2/STM32CubeIDE/plugins/com.st.stm32cube.ide.mcu.externaltools.gnu-tools-for-stm32.11.3.rel1.win32_1.1.1.202309131626/tools/bin/../lib/gcc/arm-none-eabi/11.3.1/../../../../arm-none-eabi/lib/thumb/v6-m/nofp\libc_nano.a(libc_a-memset.o)
 .ARM.attributes
                0x00000000000003b0       0x2c D:/STM32CubeIDE_1.13.2/STM32CubeIDE/plugins/com.st.stm32cube.ide.mcu.externaltools.gnu-tools-for-stm32.11.3.rel1.win32_1.1.1.202309131626/tools/bin/../lib/gcc/arm-none-eabi/11.3.1/../../../../arm-none-eabi/lib/thumb/v6-m/nofp\libc_nano.a(libc_a-init.o)
 .ARM.attributes
                0x00000000000003dc       0x1e D:/STM32CubeIDE_1.13.2/STM32CubeIDE/plugins/com.st.stm32cube.ide.mcu.externaltools.gnu-tools-for-stm32.11.3.rel1.win32_1.1.1.202309131626/tools/bin/../lib/gcc/arm-none-eabi/11.3.1/thumb/v6-m/nofp\libgcc.a(_udivsi3.o)
 .ARM.attributes
                0x00000000000003fa       0x1e D:/STM32CubeIDE_1.13.2/STM32CubeIDE/plugins/com.st.stm32cube.ide.mcu.externaltools.gnu-tools-for-stm32.11.3.rel1.win32_1.1.1.202309131626/tools/bin/../lib/gcc/arm-none-eabi/11.3.1/thumb/v6-m/nofp\libgcc.a(_divsi3.o)
 .ARM.attributes
                0x0000000000000418       0x1e D:/STM32CubeIDE_1.13.2/STM32CubeIDE/plugins/com.st.stm32cube.ide.mcu.externaltools.gnu-tools-for-stm32.11.3.rel1.win32_1.1.1.202309131626/tools/bin/../lib/gcc/arm-none-eabi/11.3.1/thumb/v6-m/nofp\libgcc.a(_dvmd_tls.o)
 .ARM.attributes
                0x0000000000000436       0x1e D:/STM32CubeIDE_1.13.2/STM32CubeIDE/plugins/com.st.stm32cube.ide.mcu.externaltools.gnu-tools-for-stm32.11.3.rel1.win32_1.1.1.202309131626/tools/bin/../lib/gcc/arm-none-eabi/11.3.1/thumb/v6-m/nofp/crtn.o
OUTPUT(Stick_Controller.elf elf32-littlearm)
LOAD linker stubs
LOAD D:/STM32CubeIDE_1.13.2/STM32CubeIDE/plugins/com.st.stm32cube.ide.mcu.externaltools.gnu-tools-for-stm32.11.3.rel1.win32_1.1.1.202309131626/tools/bin/../lib/gcc/arm-none-eabi/11.3.1/../../../../arm-none-eabi/lib/thumb/v6-m/nofp\libc.a
LOAD D:/STM32CubeIDE_1.13.2/STM32CubeIDE/plugins/com.st.stm32cube.ide.mcu.externaltools.gnu-tools-for-stm32.11.3.rel1.win32_1.1.1.202309131626/tools/bin/../lib/gcc/arm-none-eabi/11.3.1/../../../../arm-none-eabi/lib/thumb/v6-m/nofp\libm.a
LOAD D:/STM32CubeIDE_1.13.2/STM32CubeIDE/plugins/com.st.stm32cube.ide.mcu.externaltools.gnu-tools-for-stm32.11.3.rel1.win32_1.1.1.202309131626/tools/bin/../lib/gcc/arm-none-eabi/11.3.1/thumb/v6-m/nofp\libgcc.a

.comment        0x0000000000000000       0x43
 .comment       0x0000000000000000       0x43 D:/STM32CubeIDE_1.13.2/STM32CubeIDE/plugins/com.st.stm32cube.ide.mcu.externaltools.gnu-tools-for-stm32.11.3.rel1.win32_1.1.1.202309131626/tools/bin/../lib/gcc/arm-none-eabi/11.3.1/thumb/v6-m/nofp/crtbegin.o
                                         0x44 (size before relaxing)
 .comment       0x0000000000000043       0x44 ./Core/Src/gpio.o
 .comment       0x0000000000000043       0x44 ./Core/Src/main.o
 .comment       0x0000000000000043       0x44 ./Core/Src/spi.o
 .comment       0x0000000000000043       0x44 ./Core/Src/stm32g0xx_hal_msp.o
 .comment       0x0000000000000043       0x44 ./Core/Src/stm32g0xx_it.o
 .comment       0x0000000000000043       0x44 ./Core/Src/system_stm32g0xx.o
 .comment       0x0000000000000043       0x44 ./Core/Src/usart.o
 .comment       0x0000000000000043       0x44 ./Drivers/STM32G0xx_HAL_Driver/Src/stm32g0xx_hal.o
 .comment       0x0000000000000043       0x44 ./Drivers/STM32G0xx_HAL_Driver/Src/stm32g0xx_hal_cortex.o
 .comment       0x0000000000000043       0x44 ./Drivers/STM32G0xx_HAL_Driver/Src/stm32g0xx_hal_gpio.o
 .comment       0x0000000000000043       0x44 ./Drivers/STM32G0xx_HAL_Driver/Src/stm32g0xx_hal_pwr_ex.o
 .comment       0x0000000000000043       0x44 ./Drivers/STM32G0xx_HAL_Driver/Src/stm32g0xx_hal_rcc.o
 .comment       0x0000000000000043       0x44 ./Drivers/STM32G0xx_HAL_Driver/Src/stm32g0xx_hal_rcc_ex.o
 .comment       0x0000000000000043       0x44 ./Drivers/STM32G0xx_HAL_Driver/Src/stm32g0xx_hal_spi.o
 .comment       0x0000000000000043       0x44 ./Drivers/STM32G0xx_HAL_Driver/Src/stm32g0xx_hal_uart.o
 .comment       0x0000000000000043       0x44 ./Drivers/STM32G0xx_HAL_Driver/Src/stm32g0xx_hal_uart_ex.o
 .comment       0x0000000000000043       0x44 ./IPS/lcd.o
 .comment       0x0000000000000043       0x44 ./IPS/lcd_init.o

.debug_info     0x0000000000000000     0xdbb1
 .debug_info    0x0000000000000000      0x4e0 ./Core/Src/gpio.o
 .debug_info    0x00000000000004e0      0xd51 ./Core/Src/main.o
 .debug_info    0x0000000000001231      0x9ea ./Core/Src/spi.o
 .debug_info    0x0000000000001c1b      0x265 ./Core/Src/stm32g0xx_hal_msp.o
 .debug_info    0x0000000000001e80      0x150 ./Core/Src/stm32g0xx_it.o
 .debug_info    0x0000000000001fd0      0x316 ./Core/Src/system_stm32g0xx.o
 .debug_info    0x00000000000022e6      0xbd5 ./Core/Src/usart.o
 .debug_info    0x0000000000002ebb       0x23 ./Core/Startup/startup_stm32g030f6px.o
 .debug_info    0x0000000000002ede      0x8f0 ./Drivers/STM32G0xx_HAL_Driver/Src/stm32g0xx_hal.o
 .debug_info    0x00000000000037ce      0x8a9 ./Drivers/STM32G0xx_HAL_Driver/Src/stm32g0xx_hal_cortex.o
 .debug_info    0x0000000000004077      0x59d ./Drivers/STM32G0xx_HAL_Driver/Src/stm32g0xx_hal_gpio.o
 .debug_info    0x0000000000004614      0x496 ./Drivers/STM32G0xx_HAL_Driver/Src/stm32g0xx_hal_pwr_ex.o
 .debug_info    0x0000000000004aaa      0xad0 ./Drivers/STM32G0xx_HAL_Driver/Src/stm32g0xx_hal_rcc.o
 .debug_info    0x000000000000557a      0x72b ./Drivers/STM32G0xx_HAL_Driver/Src/stm32g0xx_hal_rcc_ex.o
 .debug_info    0x0000000000005ca5     0x1720 ./Drivers/STM32G0xx_HAL_Driver/Src/stm32g0xx_hal_spi.o
 .debug_info    0x00000000000073c5     0x483c ./Drivers/STM32G0xx_HAL_Driver/Src/stm32g0xx_hal_uart.o
 .debug_info    0x000000000000bc01      0xf95 ./Drivers/STM32G0xx_HAL_Driver/Src/stm32g0xx_hal_uart_ex.o
 .debug_info    0x000000000000cb96      0x7a8 ./IPS/lcd.o
 .debug_info    0x000000000000d33e      0x873 ./IPS/lcd_init.o

.debug_abbrev   0x0000000000000000     0x24a9
 .debug_abbrev  0x0000000000000000      0x17a ./Core/Src/gpio.o
 .debug_abbrev  0x000000000000017a      0x278 ./Core/Src/main.o
 .debug_abbrev  0x00000000000003f2      0x1f7 ./Core/Src/spi.o
 .debug_abbrev  0x00000000000005e9       0xdd ./Core/Src/stm32g0xx_hal_msp.o
 .debug_abbrev  0x00000000000006c6       0xca ./Core/Src/stm32g0xx_it.o
 .debug_abbrev  0x0000000000000790      0x119 ./Core/Src/system_stm32g0xx.o
 .debug_abbrev  0x00000000000008a9      0x20e ./Core/Src/usart.o
 .debug_abbrev  0x0000000000000ab7       0x12 ./Core/Startup/startup_stm32g030f6px.o
 .debug_abbrev  0x0000000000000ac9      0x2b4 ./Drivers/STM32G0xx_HAL_Driver/Src/stm32g0xx_hal.o
 .debug_abbrev  0x0000000000000d7d      0x2ab ./Drivers/STM32G0xx_HAL_Driver/Src/stm32g0xx_hal_cortex.o
 .debug_abbrev  0x0000000000001028      0x1c3 ./Drivers/STM32G0xx_HAL_Driver/Src/stm32g0xx_hal_gpio.o
 .debug_abbrev  0x00000000000011eb      0x1d7 ./Drivers/STM32G0xx_HAL_Driver/Src/stm32g0xx_hal_pwr_ex.o
 .debug_abbrev  0x00000000000013c2      0x2a9 ./Drivers/STM32G0xx_HAL_Driver/Src/stm32g0xx_hal_rcc.o
 .debug_abbrev  0x000000000000166b      0x229 ./Drivers/STM32G0xx_HAL_Driver/Src/stm32g0xx_hal_rcc_ex.o
 .debug_abbrev  0x0000000000001894      0x28f ./Drivers/STM32G0xx_HAL_Driver/Src/stm32g0xx_hal_spi.o
 .debug_abbrev  0x0000000000001b23      0x326 ./Drivers/STM32G0xx_HAL_Driver/Src/stm32g0xx_hal_uart.o
 .debug_abbrev  0x0000000000001e49      0x2e5 ./Drivers/STM32G0xx_HAL_Driver/Src/stm32g0xx_hal_uart_ex.o
 .debug_abbrev  0x000000000000212e      0x1a3 ./IPS/lcd.o
 .debug_abbrev  0x00000000000022d1      0x1d8 ./IPS/lcd_init.o

.debug_aranges  0x0000000000000000      0xab0
 .debug_aranges
                0x0000000000000000       0x20 ./Core/Src/gpio.o
 .debug_aranges
                0x0000000000000020       0x38 ./Core/Src/main.o
 .debug_aranges
                0x0000000000000058       0x30 ./Core/Src/spi.o
 .debug_aranges
                0x0000000000000088       0x20 ./Core/Src/stm32g0xx_hal_msp.o
 .debug_aranges
                0x00000000000000a8       0x48 ./Core/Src/stm32g0xx_it.o
 .debug_aranges
                0x00000000000000f0       0x28 ./Core/Src/system_stm32g0xx.o
 .debug_aranges
                0x0000000000000118       0x30 ./Core/Src/usart.o
 .debug_aranges
                0x0000000000000148       0x28 ./Core/Startup/startup_stm32g030f6px.o
 .debug_aranges
                0x0000000000000170      0x100 ./Drivers/STM32G0xx_HAL_Driver/Src/stm32g0xx_hal.o
 .debug_aranges
                0x0000000000000270       0xe8 ./Drivers/STM32G0xx_HAL_Driver/Src/stm32g0xx_hal_cortex.o
 .debug_aranges
                0x0000000000000358       0x60 ./Drivers/STM32G0xx_HAL_Driver/Src/stm32g0xx_hal_gpio.o
 .debug_aranges
                0x00000000000003b8       0x98 ./Drivers/STM32G0xx_HAL_Driver/Src/stm32g0xx_hal_pwr_ex.o
 .debug_aranges
                0x0000000000000450       0xa0 ./Drivers/STM32G0xx_HAL_Driver/Src/stm32g0xx_hal_rcc.o
 .debug_aranges
                0x00000000000004f0       0x40 ./Drivers/STM32G0xx_HAL_Driver/Src/stm32g0xx_hal_rcc_ex.o
 .debug_aranges
                0x0000000000000530      0x1d8 ./Drivers/STM32G0xx_HAL_Driver/Src/stm32g0xx_hal_spi.o
 .debug_aranges
                0x0000000000000708      0x248 ./Drivers/STM32G0xx_HAL_Driver/Src/stm32g0xx_hal_uart.o
 .debug_aranges
                0x0000000000000950       0xa8 ./Drivers/STM32G0xx_HAL_Driver/Src/stm32g0xx_hal_uart_ex.o
 .debug_aranges
                0x00000000000009f8       0x70 ./IPS/lcd.o
 .debug_aranges
                0x0000000000000a68       0x48 ./IPS/lcd_init.o

.debug_rnglists
                0x0000000000000000      0x838
 .debug_rnglists
                0x0000000000000000       0x14 ./Core/Src/gpio.o
 .debug_rnglists
                0x0000000000000014       0x28 ./Core/Src/main.o
 .debug_rnglists
                0x000000000000003c       0x20 ./Core/Src/spi.o
 .debug_rnglists
                0x000000000000005c       0x13 ./Core/Src/stm32g0xx_hal_msp.o
 .debug_rnglists
                0x000000000000006f       0x31 ./Core/Src/stm32g0xx_it.o
 .debug_rnglists
                0x00000000000000a0       0x1a ./Core/Src/system_stm32g0xx.o
 .debug_rnglists
                0x00000000000000ba       0x21 ./Core/Src/usart.o
 .debug_rnglists
                0x00000000000000db       0x19 ./Core/Startup/startup_stm32g030f6px.o
 .debug_rnglists
                0x00000000000000f4       0xbc ./Drivers/STM32G0xx_HAL_Driver/Src/stm32g0xx_hal.o
 .debug_rnglists
                0x00000000000001b0       0xaa ./Drivers/STM32G0xx_HAL_Driver/Src/stm32g0xx_hal_cortex.o
 .debug_rnglists
                0x000000000000025a       0x45 ./Drivers/STM32G0xx_HAL_Driver/Src/stm32g0xx_hal_gpio.o
 .debug_rnglists
                0x000000000000029f       0x72 ./Drivers/STM32G0xx_HAL_Driver/Src/stm32g0xx_hal_pwr_ex.o
 .debug_rnglists
                0x0000000000000311       0x79 ./Drivers/STM32G0xx_HAL_Driver/Src/stm32g0xx_hal_rcc.o
 .debug_rnglists
                0x000000000000038a       0x2f ./Drivers/STM32G0xx_HAL_Driver/Src/stm32g0xx_hal_rcc_ex.o
 .debug_rnglists
                0x00000000000003b9      0x17a ./Drivers/STM32G0xx_HAL_Driver/Src/stm32g0xx_hal_spi.o
 .debug_rnglists
                0x0000000000000533      0x1fb ./Drivers/STM32G0xx_HAL_Driver/Src/stm32g0xx_hal_uart.o
 .debug_rnglists
                0x000000000000072e       0x80 ./Drivers/STM32G0xx_HAL_Driver/Src/stm32g0xx_hal_uart_ex.o
 .debug_rnglists
                0x00000000000007ae       0x58 ./IPS/lcd.o
 .debug_rnglists
                0x0000000000000806       0x32 ./IPS/lcd_init.o

.debug_macro    0x0000000000000000    0x15736
 .debug_macro   0x0000000000000000      0x1f9 ./Core/Src/gpio.o
 .debug_macro   0x00000000000001f9      0xa7e ./Core/Src/gpio.o
 .debug_macro   0x0000000000000c77      0x11d ./Core/Src/gpio.o
 .debug_macro   0x0000000000000d94       0x2e ./Core/Src/gpio.o
 .debug_macro   0x0000000000000dc2       0x28 ./Core/Src/gpio.o
 .debug_macro   0x0000000000000dea       0x22 ./Core/Src/gpio.o
 .debug_macro   0x0000000000000e0c       0x8e ./Core/Src/gpio.o
 .debug_macro   0x0000000000000e9a       0x51 ./Core/Src/gpio.o
 .debug_macro   0x0000000000000eeb      0x103 ./Core/Src/gpio.o
 .debug_macro   0x0000000000000fee       0x6a ./Core/Src/gpio.o
 .debug_macro   0x0000000000001058      0x1df ./Core/Src/gpio.o
 .debug_macro   0x0000000000001237       0x1c ./Core/Src/gpio.o
 .debug_macro   0x0000000000001253       0x22 ./Core/Src/gpio.o
 .debug_macro   0x0000000000001275       0xd1 ./Core/Src/gpio.o
 .debug_macro   0x0000000000001346      0x4da ./Core/Src/gpio.o
 .debug_macro   0x0000000000001820      0x11f ./Core/Src/gpio.o
 .debug_macro   0x000000000000193f     0xa0e8 ./Core/Src/gpio.o
 .debug_macro   0x000000000000ba27       0x66 ./Core/Src/gpio.o
 .debug_macro   0x000000000000ba8d     0x350e ./Core/Src/gpio.o
 .debug_macro   0x000000000000ef9b      0x174 ./Core/Src/gpio.o
 .debug_macro   0x000000000000f10f       0x5c ./Core/Src/gpio.o
 .debug_macro   0x000000000000f16b      0x462 ./Core/Src/gpio.o
 .debug_macro   0x000000000000f5cd      0xe1a ./Core/Src/gpio.o
 .debug_macro   0x00000000000103e7      0x106 ./Core/Src/gpio.o
 .debug_macro   0x00000000000104ed      0x1cf ./Core/Src/gpio.o
 .debug_macro   0x00000000000106bc       0xff ./Core/Src/gpio.o
 .debug_macro   0x00000000000107bb      0x33c ./Core/Src/gpio.o
 .debug_macro   0x0000000000010af7      0x202 ./Core/Src/gpio.o
 .debug_macro   0x0000000000010cf9      0x2c7 ./Core/Src/gpio.o
 .debug_macro   0x0000000000010fc0      0x198 ./Core/Src/gpio.o
 .debug_macro   0x0000000000011158       0x43 ./Core/Src/gpio.o
 .debug_macro   0x000000000001119b      0x1f1 ./Core/Src/gpio.o
 .debug_macro   0x000000000001138c      0x1d6 ./Core/Src/gpio.o
 .debug_macro   0x0000000000011562      0x2a3 ./Core/Src/gpio.o
 .debug_macro   0x0000000000011805       0x28 ./Core/Src/gpio.o
 .debug_macro   0x000000000001182d       0xcf ./Core/Src/gpio.o
 .debug_macro   0x00000000000118fc       0xff ./Core/Src/gpio.o
 .debug_macro   0x00000000000119fb      0x10d ./Core/Src/gpio.o
 .debug_macro   0x0000000000011b08      0x2fe ./Core/Src/gpio.o
 .debug_macro   0x0000000000011e06      0x693 ./Core/Src/gpio.o
 .debug_macro   0x0000000000012499       0xa6 ./Core/Src/gpio.o
 .debug_macro   0x000000000001253f      0x412 ./Core/Src/gpio.o
 .debug_macro   0x0000000000012951       0x6a ./Core/Src/gpio.o
 .debug_macro   0x00000000000129bb      0x2fb ./Core/Src/main.o
 .debug_macro   0x0000000000012cb6       0x4c ./Core/Src/main.o
 .debug_macro   0x0000000000012d02       0x88 ./Core/Src/main.o
 .debug_macro   0x0000000000012d8a       0x61 ./Core/Src/main.o
 .debug_macro   0x0000000000012deb       0x24 ./Core/Src/main.o
 .debug_macro   0x0000000000012e0f       0x43 ./Core/Src/main.o
 .debug_macro   0x0000000000012e52       0x34 ./Core/Src/main.o
 .debug_macro   0x0000000000012e86       0x16 ./Core/Src/main.o
 .debug_macro   0x0000000000012e9c       0x35 ./Core/Src/main.o
 .debug_macro   0x0000000000012ed1      0x369 ./Core/Src/main.o
 .debug_macro   0x000000000001323a       0x10 ./Core/Src/main.o
 .debug_macro   0x000000000001324a       0x16 ./Core/Src/main.o
 .debug_macro   0x0000000000013260       0x43 ./Core/Src/main.o
 .debug_macro   0x00000000000132a3       0x34 ./Core/Src/main.o
 .debug_macro   0x00000000000132d7       0x10 ./Core/Src/main.o
 .debug_macro   0x00000000000132e7       0x58 ./Core/Src/main.o
 .debug_macro   0x000000000001333f       0x8e ./Core/Src/main.o
 .debug_macro   0x00000000000133cd       0x1c ./Core/Src/main.o
 .debug_macro   0x00000000000133e9      0x177 ./Core/Src/main.o
 .debug_macro   0x0000000000013560       0x16 ./Core/Src/main.o
 .debug_macro   0x0000000000013576       0x16 ./Core/Src/main.o
 .debug_macro   0x000000000001358c      0x147 ./Core/Src/main.o
 .debug_macro   0x00000000000136d3      0x1f9 ./Core/Src/spi.o
 .debug_macro   0x00000000000138cc      0x1ef ./Core/Src/stm32g0xx_hal_msp.o
 .debug_macro   0x0000000000013abb      0x1f9 ./Core/Src/stm32g0xx_it.o
 .debug_macro   0x0000000000013cb4      0x1e0 ./Core/Src/system_stm32g0xx.o
 .debug_macro   0x0000000000013e94      0x1f9 ./Core/Src/usart.o
 .debug_macro   0x000000000001408d      0x1fe ./Drivers/STM32G0xx_HAL_Driver/Src/stm32g0xx_hal.o
 .debug_macro   0x000000000001428b      0x1e0 ./Drivers/STM32G0xx_HAL_Driver/Src/stm32g0xx_hal_cortex.o
 .debug_macro   0x000000000001446b      0x1e7 ./Drivers/STM32G0xx_HAL_Driver/Src/stm32g0xx_hal_gpio.o
 .debug_macro   0x0000000000014652      0x1f2 ./Drivers/STM32G0xx_HAL_Driver/Src/stm32g0xx_hal_pwr_ex.o
 .debug_macro   0x0000000000014844      0x222 ./Drivers/STM32G0xx_HAL_Driver/Src/stm32g0xx_hal_rcc.o
 .debug_macro   0x0000000000014a66      0x1f8 ./Drivers/STM32G0xx_HAL_Driver/Src/stm32g0xx_hal_rcc_ex.o
 .debug_macro   0x0000000000014c5e      0x1e8 ./Drivers/STM32G0xx_HAL_Driver/Src/stm32g0xx_hal_spi.o
 .debug_macro   0x0000000000014e46      0x20b ./Drivers/STM32G0xx_HAL_Driver/Src/stm32g0xx_hal_uart.o
 .debug_macro   0x0000000000015051      0x1ec ./Drivers/STM32G0xx_HAL_Driver/Src/stm32g0xx_hal_uart_ex.o
 .debug_macro   0x000000000001523d      0x225 ./IPS/lcd.o
 .debug_macro   0x0000000000015462       0x82 ./IPS/lcd.o
 .debug_macro   0x00000000000154e4       0x46 ./IPS/lcd.o
 .debug_macro   0x000000000001552a      0x20c ./IPS/lcd_init.o

.debug_line     0x0000000000000000     0xf6d5
 .debug_line    0x0000000000000000      0x7a6 ./Core/Src/gpio.o
 .debug_line    0x00000000000007a6      0xb41 ./Core/Src/main.o
 .debug_line    0x00000000000012e7      0x7f6 ./Core/Src/spi.o
 .debug_line    0x0000000000001add      0x77e ./Core/Src/stm32g0xx_hal_msp.o
 .debug_line    0x000000000000225b      0x7fc ./Core/Src/stm32g0xx_it.o
 .debug_line    0x0000000000002a57      0x7f0 ./Core/Src/system_stm32g0xx.o
 .debug_line    0x0000000000003247      0x81c ./Core/Src/usart.o
 .debug_line    0x0000000000003a63       0x7b ./Core/Startup/startup_stm32g030f6px.o
 .debug_line    0x0000000000003ade      0xaab ./Drivers/STM32G0xx_HAL_Driver/Src/stm32g0xx_hal.o
 .debug_line    0x0000000000004589      0xbd5 ./Drivers/STM32G0xx_HAL_Driver/Src/stm32g0xx_hal_cortex.o
 .debug_line    0x000000000000515e      0xb93 ./Drivers/STM32G0xx_HAL_Driver/Src/stm32g0xx_hal_gpio.o
 .debug_line    0x0000000000005cf1      0x9bb ./Drivers/STM32G0xx_HAL_Driver/Src/stm32g0xx_hal_pwr_ex.o
 .debug_line    0x00000000000066ac      0xf51 ./Drivers/STM32G0xx_HAL_Driver/Src/stm32g0xx_hal_rcc.o
 .debug_line    0x00000000000075fd      0xafd ./Drivers/STM32G0xx_HAL_Driver/Src/stm32g0xx_hal_rcc_ex.o
 .debug_line    0x00000000000080fa     0x1f43 ./Drivers/STM32G0xx_HAL_Driver/Src/stm32g0xx_hal_spi.o
 .debug_line    0x000000000000a03d     0x34c4 ./Drivers/STM32G0xx_HAL_Driver/Src/stm32g0xx_hal_uart.o
 .debug_line    0x000000000000d501      0xe2d ./Drivers/STM32G0xx_HAL_Driver/Src/stm32g0xx_hal_uart_ex.o
 .debug_line    0x000000000000e32e      0xb40 ./IPS/lcd.o
 .debug_line    0x000000000000ee6e      0x867 ./IPS/lcd_init.o

.debug_str      0x0000000000000000    0x81dbf
 .debug_str     0x0000000000000000    0x7b3bd ./Core/Src/gpio.o
                                      0x7b8d0 (size before relaxing)
 .debug_str     0x000000000007b3bd     0x41d9 ./Core/Src/main.o
                                      0x7f84e (size before relaxing)
 .debug_str     0x000000000007f596      0x1e8 ./Core/Src/spi.o
                                      0x7bc26 (size before relaxing)
 .debug_str     0x000000000007f77e       0x2c ./Core/Src/stm32g0xx_hal_msp.o
                                      0x7b658 (size before relaxing)
 .debug_str     0x000000000007f7aa       0xaf ./Core/Src/stm32g0xx_it.o
                                      0x7b617 (size before relaxing)
 .debug_str     0x000000000007f859       0x8e ./Core/Src/system_stm32g0xx.o
                                      0x7b514 (size before relaxing)
 .debug_str     0x000000000007f8e7      0x15d ./Core/Src/usart.o
                                      0x7bdb6 (size before relaxing)
 .debug_str     0x000000000007fa44       0x34 ./Core/Startup/startup_stm32g030f6px.o
                                         0x71 (size before relaxing)
 .debug_str     0x000000000007fa78      0x456 ./Drivers/STM32G0xx_HAL_Driver/Src/stm32g0xx_hal.o
                                      0x7bb9f (size before relaxing)
 .debug_str     0x000000000007fece      0x2ab ./Drivers/STM32G0xx_HAL_Driver/Src/stm32g0xx_hal_cortex.o
                                      0x7b966 (size before relaxing)
 .debug_str     0x0000000000080179       0xb0 ./Drivers/STM32G0xx_HAL_Driver/Src/stm32g0xx_hal_gpio.o
                                      0x7b649 (size before relaxing)
 .debug_str     0x0000000000080229      0x221 ./Drivers/STM32G0xx_HAL_Driver/Src/stm32g0xx_hal_pwr_ex.o
                                      0x7b768 (size before relaxing)
 .debug_str     0x000000000008044a      0x4ae ./Drivers/STM32G0xx_HAL_Driver/Src/stm32g0xx_hal_rcc.o
                                      0x7bc38 (size before relaxing)
 .debug_str     0x00000000000808f8      0x185 ./Drivers/STM32G0xx_HAL_Driver/Src/stm32g0xx_hal_rcc_ex.o
                                      0x7b850 (size before relaxing)
 .debug_str     0x0000000000080a7d      0x5a2 ./Drivers/STM32G0xx_HAL_Driver/Src/stm32g0xx_hal_spi.o
                                      0x7befa (size before relaxing)
 .debug_str     0x000000000008101f      0x9ac ./Drivers/STM32G0xx_HAL_Driver/Src/stm32g0xx_hal_uart.o
                                      0x7c4df (size before relaxing)
 .debug_str     0x00000000000819cb      0x26b ./Drivers/STM32G0xx_HAL_Driver/Src/stm32g0xx_hal_uart_ex.o
                                      0x7bd9e (size before relaxing)
 .debug_str     0x0000000000081c36      0x15f ./IPS/lcd.o
                                      0x7ba10 (size before relaxing)
 .debug_str     0x0000000000081d95       0x2a ./IPS/lcd_init.o
                                      0x7bce1 (size before relaxing)

.debug_frame    0x0000000000000000     0x2478
 .debug_frame   0x0000000000000000       0x30 ./Core/Src/gpio.o
 .debug_frame   0x0000000000000030       0x8c ./Core/Src/main.o
 .debug_frame   0x00000000000000bc       0x6c ./Core/Src/spi.o
 .debug_frame   0x0000000000000128       0x30 ./Core/Src/stm32g0xx_hal_msp.o
 .debug_frame   0x0000000000000158       0xb8 ./Core/Src/stm32g0xx_it.o
 .debug_frame   0x0000000000000210       0x4c ./Core/Src/system_stm32g0xx.o
 .debug_frame   0x000000000000025c       0x6c ./Core/Src/usart.o
 .debug_frame   0x00000000000002c8      0x360 ./Drivers/STM32G0xx_HAL_Driver/Src/stm32g0xx_hal.o
 .debug_frame   0x0000000000000628      0x33c ./Drivers/STM32G0xx_HAL_Driver/Src/stm32g0xx_hal_cortex.o
 .debug_frame   0x0000000000000964      0x130 ./Drivers/STM32G0xx_HAL_Driver/Src/stm32g0xx_hal_gpio.o
 .debug_frame   0x0000000000000a94      0x1f4 ./Drivers/STM32G0xx_HAL_Driver/Src/stm32g0xx_hal_pwr_ex.o
 .debug_frame   0x0000000000000c88      0x214 ./Drivers/STM32G0xx_HAL_Driver/Src/stm32g0xx_hal_rcc.o
 .debug_frame   0x0000000000000e9c       0xb0 ./Drivers/STM32G0xx_HAL_Driver/Src/stm32g0xx_hal_rcc_ex.o
 .debug_frame   0x0000000000000f4c      0x710 ./Drivers/STM32G0xx_HAL_Driver/Src/stm32g0xx_hal_spi.o
 .debug_frame   0x000000000000165c      0x8d4 ./Drivers/STM32G0xx_HAL_Driver/Src/stm32g0xx_hal_uart.o
 .debug_frame   0x0000000000001f30      0x258 ./Drivers/STM32G0xx_HAL_Driver/Src/stm32g0xx_hal_uart_ex.o
 .debug_frame   0x0000000000002188      0x194 ./IPS/lcd.o
 .debug_frame   0x000000000000231c       0xd0 ./IPS/lcd_init.o
 .debug_frame   0x00000000000023ec       0x20 D:/STM32CubeIDE_1.13.2/STM32CubeIDE/plugins/com.st.stm32cube.ide.mcu.externaltools.gnu-tools-for-stm32.11.3.rel1.win32_1.1.1.202309131626/tools/bin/../lib/gcc/arm-none-eabi/11.3.1/../../../../arm-none-eabi/lib/thumb/v6-m/nofp\libc_nano.a(libc_a-memset.o)
 .debug_frame   0x000000000000240c       0x2c D:/STM32CubeIDE_1.13.2/STM32CubeIDE/plugins/com.st.stm32cube.ide.mcu.externaltools.gnu-tools-for-stm32.11.3.rel1.win32_1.1.1.202309131626/tools/bin/../lib/gcc/arm-none-eabi/11.3.1/../../../../arm-none-eabi/lib/thumb/v6-m/nofp\libc_nano.a(libc_a-init.o)
 .debug_frame   0x0000000000002438       0x20 D:/STM32CubeIDE_1.13.2/STM32CubeIDE/plugins/com.st.stm32cube.ide.mcu.externaltools.gnu-tools-for-stm32.11.3.rel1.win32_1.1.1.202309131626/tools/bin/../lib/gcc/arm-none-eabi/11.3.1/thumb/v6-m/nofp\libgcc.a(_udivsi3.o)
 .debug_frame   0x0000000000002458       0x20 D:/STM32CubeIDE_1.13.2/STM32CubeIDE/plugins/com.st.stm32cube.ide.mcu.externaltools.gnu-tools-for-stm32.11.3.rel1.win32_1.1.1.202309131626/tools/bin/../lib/gcc/arm-none-eabi/11.3.1/thumb/v6-m/nofp\libgcc.a(_divsi3.o)

.debug_line_str
                0x0000000000000000       0x65
 .debug_line_str
                0x0000000000000000       0x65 ./Core/Startup/startup_stm32g030f6px.o
                                         0x7d (size before relaxing)
